// Jest Snapshot v1, https://goo.gl/fbAQLP

exports[`CreateAccount Component matches the snapshot 1`] = `
<div
  class="bg-no-session d-flex justify-center flex-column align-center no-session-container"
  data-testid="sign-up-container"
>
  <p
    class="error-msg"
    data-testid="sign-up-errs"
  />
  <h1
    class="session-title"
  >
    Sign up
  </h1>
  <p
    class="session-description text-center"
  >
    Please, create an account.
  </p>
  <form
    class="d-flex flex-column align-center"
  >
    <input
      class="form-input"
      id="username"
      name="username"
      placeholder="Username"
      required=""
      type="text"
    />
    <input
      class="form-input"
      id="email"
      name="email"
      placeholder="Email Adress"
      required=""
      type="email"
    />
    <input
      class="form-input"
      id="password"
      name="password"
      placeholder="password"
      required=""
      type="password"
    />
    <input
      class="form-input"
      id="passwordConfirmation"
      name="passwordConfirmation"
      placeholder="Password Confirmation"
      required=""
      type="password"
    />
    <label
      class="form-input"
      for="image"
    >
      Select Image
      <svg
        aria-hidden="true"
        class="svg-inline--fa fa-file-upload fa-w-12 lm-10"
        data-icon="file-upload"
        data-prefix="fas"
        focusable="false"
        role="img"
        viewBox="0 0 384 512"
        xmlns="http://www.w3.org/2000/svg"
      >
        <path
          d="M224 136V0H24C10.7 0 0 10.7 0 24v464c0 13.3 10.7 24 24 24h336c13.3 0 24-10.7 24-24V160H248c-13.2 0-24-10.8-24-24zm65.18 216.01H224v80c0 8.84-7.16 16-16 16h-32c-8.84 0-16-7.16-16-16v-80H94.82c-14.28 0-21.41-17.29-11.27-27.36l96.42-95.7c6.65-6.61 17.39-6.61 24.04 0l96.42 95.7c10.15 10.07 3.03 27.36-11.25 27.36zM377 105L279.1 7c-4.5-4.5-10.6-7-17-7H256v128h128v-6.1c0-6.3-2.5-12.4-7-16.9z"
          fill="currentColor"
        />
      </svg>
      <input
        accept="image/png, image/jpeg"
        class="input-file"
        data-testid="input-file"
        id="image"
        name="image"
        type="file"
      />
    </label>
    <button
      class="session-btn white"
      data-testid="sign-up-btn"
      type="submit"
    >
      Submit
    </button>
  </form>
  <a
    class="link-back"
    href="/"
  >
    Go back
  </a>
</div>
`;
